Archive member included to satisfy reference by file (symbol)

c:/ciaa/ciaa_software_1.1-win/tools/arm-none-eabi-gcc/bin/../lib/gcc/arm-none-eabi/8.2.1/../../../../arm-none-eabi/lib/thumb/v7e-m/nofp\libg_nano.a(lib_a-errno.o)
                              ./system/src/newlib/_sbrk.o (__errno)
c:/ciaa/ciaa_software_1.1-win/tools/arm-none-eabi-gcc/bin/../lib/gcc/arm-none-eabi/8.2.1/../../../../arm-none-eabi/lib/thumb/v7e-m/nofp\libg_nano.a(lib_a-impure.o)
                              c:/ciaa/ciaa_software_1.1-win/tools/arm-none-eabi-gcc/bin/../lib/gcc/arm-none-eabi/8.2.1/../../../../arm-none-eabi/lib/thumb/v7e-m/nofp\libg_nano.a(lib_a-errno.o) (_impure_ptr)
c:/ciaa/ciaa_software_1.1-win/tools/arm-none-eabi-gcc/bin/../lib/gcc/arm-none-eabi/8.2.1/../../../../arm-none-eabi/lib/thumb/v7e-m/nofp\libg_nano.a(lib_a-strcmp.o)
                              ./system/src/cortexm/exception_handlers.o (strcmp)
c:/ciaa/ciaa_software_1.1-win/tools/arm-none-eabi-gcc/bin/../lib/gcc/arm-none-eabi/8.2.1/../../../../arm-none-eabi/lib/thumb/v7e-m/nofp\libg_nano.a(lib_a-strlen.o)
                              ./system/src/diag/Trace.o (strlen)
c:/ciaa/ciaa_software_1.1-win/tools/arm-none-eabi-gcc/bin/../lib/gcc/arm-none-eabi/8.2.1/../../../../arm-none-eabi/lib/thumb/v7e-m/nofp\libg_nano.a(lib_a-vsnprintf.o)
                              ./system/src/diag/Trace.o (vsnprintf)
c:/ciaa/ciaa_software_1.1-win/tools/arm-none-eabi-gcc/bin/../lib/gcc/arm-none-eabi/8.2.1/../../../../arm-none-eabi/lib/thumb/v7e-m/nofp\libg_nano.a(lib_a-nano-svfprintf.o)
                              c:/ciaa/ciaa_software_1.1-win/tools/arm-none-eabi-gcc/bin/../lib/gcc/arm-none-eabi/8.2.1/../../../../arm-none-eabi/lib/thumb/v7e-m/nofp\libg_nano.a(lib_a-vsnprintf.o) (_svfprintf_r)
c:/ciaa/ciaa_software_1.1-win/tools/arm-none-eabi-gcc/bin/../lib/gcc/arm-none-eabi/8.2.1/../../../../arm-none-eabi/lib/thumb/v7e-m/nofp\libg_nano.a(lib_a-nano-vfprintf_i.o)
                              c:/ciaa/ciaa_software_1.1-win/tools/arm-none-eabi-gcc/bin/../lib/gcc/arm-none-eabi/8.2.1/../../../../arm-none-eabi/lib/thumb/v7e-m/nofp\libg_nano.a(lib_a-nano-svfprintf.o) (_printf_i)
c:/ciaa/ciaa_software_1.1-win/tools/arm-none-eabi-gcc/bin/../lib/gcc/arm-none-eabi/8.2.1/../../../../arm-none-eabi/lib/thumb/v7e-m/nofp\libg_nano.a(lib_a-memchr.o)
                              c:/ciaa/ciaa_software_1.1-win/tools/arm-none-eabi-gcc/bin/../lib/gcc/arm-none-eabi/8.2.1/../../../../arm-none-eabi/lib/thumb/v7e-m/nofp\libg_nano.a(lib_a-nano-svfprintf.o) (memchr)
c:/ciaa/ciaa_software_1.1-win/tools/arm-none-eabi-gcc/bin/../lib/gcc/arm-none-eabi/8.2.1/../../../../arm-none-eabi/lib/thumb/v7e-m/nofp\libg_nano.a(lib_a-memcpy-stub.o)
                              c:/ciaa/ciaa_software_1.1-win/tools/arm-none-eabi-gcc/bin/../lib/gcc/arm-none-eabi/8.2.1/../../../../arm-none-eabi/lib/thumb/v7e-m/nofp\libg_nano.a(lib_a-nano-svfprintf.o) (memcpy)
c:/ciaa/ciaa_software_1.1-win/tools/arm-none-eabi-gcc/bin/../lib/gcc/arm-none-eabi/8.2.1/../../../../arm-none-eabi/lib/thumb/v7e-m/nofp\libg_nano.a(lib_a-memmove.o)
                              c:/ciaa/ciaa_software_1.1-win/tools/arm-none-eabi-gcc/bin/../lib/gcc/arm-none-eabi/8.2.1/../../../../arm-none-eabi/lib/thumb/v7e-m/nofp\libg_nano.a(lib_a-nano-svfprintf.o) (memmove)
c:/ciaa/ciaa_software_1.1-win/tools/arm-none-eabi-gcc/bin/../lib/gcc/arm-none-eabi/8.2.1/../../../../arm-none-eabi/lib/thumb/v7e-m/nofp\libg_nano.a(lib_a-nano-freer.o)
                              c:/ciaa/ciaa_software_1.1-win/tools/arm-none-eabi-gcc/bin/../lib/gcc/arm-none-eabi/8.2.1/../../../../arm-none-eabi/lib/thumb/v7e-m/nofp\libg_nano.a(lib_a-nano-svfprintf.o) (_free_r)
c:/ciaa/ciaa_software_1.1-win/tools/arm-none-eabi-gcc/bin/../lib/gcc/arm-none-eabi/8.2.1/../../../../arm-none-eabi/lib/thumb/v7e-m/nofp\libg_nano.a(lib_a-nano-mallocr.o)
                              c:/ciaa/ciaa_software_1.1-win/tools/arm-none-eabi-gcc/bin/../lib/gcc/arm-none-eabi/8.2.1/../../../../arm-none-eabi/lib/thumb/v7e-m/nofp\libg_nano.a(lib_a-nano-svfprintf.o) (_malloc_r)
c:/ciaa/ciaa_software_1.1-win/tools/arm-none-eabi-gcc/bin/../lib/gcc/arm-none-eabi/8.2.1/../../../../arm-none-eabi/lib/thumb/v7e-m/nofp\libg_nano.a(lib_a-nano-reallocr.o)
                              c:/ciaa/ciaa_software_1.1-win/tools/arm-none-eabi-gcc/bin/../lib/gcc/arm-none-eabi/8.2.1/../../../../arm-none-eabi/lib/thumb/v7e-m/nofp\libg_nano.a(lib_a-nano-svfprintf.o) (_realloc_r)
c:/ciaa/ciaa_software_1.1-win/tools/arm-none-eabi-gcc/bin/../lib/gcc/arm-none-eabi/8.2.1/../../../../arm-none-eabi/lib/thumb/v7e-m/nofp\libg_nano.a(lib_a-sbrkr.o)
                              c:/ciaa/ciaa_software_1.1-win/tools/arm-none-eabi-gcc/bin/../lib/gcc/arm-none-eabi/8.2.1/../../../../arm-none-eabi/lib/thumb/v7e-m/nofp\libg_nano.a(lib_a-nano-mallocr.o) (_sbrk_r)
c:/ciaa/ciaa_software_1.1-win/tools/arm-none-eabi-gcc/bin/../lib/gcc/arm-none-eabi/8.2.1/../../../../arm-none-eabi/lib/thumb/v7e-m/nofp\libg_nano.a(lib_a-mlock.o)
[...]
Memory Configuration

Name             Origin             Length             Attributes
RAM              0x20000000         0x00020000         xrw
CCMRAM           0x10000000         0x00010000         xrw
FLASH            0x08000000         0x00100000         xr
FLASHB1          0x00000000         0x00000000         xr
EXTMEMB0         0x00000000         0x00000000         xr
EXTMEMB1         0x00000000         0x00000000         xr
EXTMEMB2         0x00000000         0x00000000         xr
EXTMEMB3         0x00000000         0x00000000         xr
MEMORY_ARRAY     0x20002000         0x00000020         xrw
*default*        0x00000000         0xffffffff

Linker script and memory map

LOAD ./system/src/stm32f4-hal/stm32f4xx_hal.o
LOAD ./system/src/stm32f4-hal/stm32f4xx_hal_cortex.o
LOAD ./system/src/stm32f4-hal/stm32f4xx_hal_dfsdm.o
LOAD ./system/src/stm32f4-hal/stm32f4xx_hal_flash.o
LOAD ./system/src/stm32f4-hal/stm32f4xx_hal_gpio.o
LOAD ./system/src/stm32f4-hal/stm32f4xx_hal_iwdg.o
LOAD ./system/src/stm32f4-hal/stm32f4xx_hal_pwr.o
LOAD ./system/src/stm32f4-hal/stm32f4xx_hal_rcc.o
LOAD ./system/src/newlib/_cxx.o
LOAD ./system/src/newlib/_exit.o
LOAD ./system/src/newlib/_sbrk.o
LOAD ./system/src/newlib/_startup.o
LOAD ./system/src/newlib/_syscalls.o
LOAD ./system/src/newlib/assert.o
LOAD ./system/src/diag/Trace.o
LOAD ./system/src/diag/trace_impl.o
LOAD ./system/src/cortexm/_initialize_hardware.o
LOAD ./system/src/cortexm/_reset_hardware.o
LOAD ./system/src/cortexm/exception_handlers.o
LOAD ./system/src/cmsis/system_stm32f4xx.o
LOAD ./system/src/cmsis/vectors_stm32f407xx.o
LOAD ./src/_initialize_hardware.o
LOAD ./src/_write.o
LOAD ./src/main.o
LOAD ./src/stm32f4xx_hal_msp.o
LOAD c:/ciaa/ciaa_software_1.1-win/tools/arm-none-eabi-gcc/bin/../lib/gcc/arm-none-eabi/8.2.1/../../../../arm-none-eabi/lib/thumb/v7e-m/nofp\libstdc++_nano.a
LOAD c:/ciaa/ciaa_software_1.1-win/tools/arm-none-eabi-gcc/bin/../lib/gcc/arm-none-eabi/8.2.1/../../../../arm-none-eabi/lib/thumb/v7e-m/nofp\libm.a
START GROUP
LOAD c:/ciaa/ciaa_software_1.1-win/tools/arm-none-eabi-gcc/bin/../lib/gcc/arm-none-eabi/8.2.1/thumb/v7e-m/nofp\libgcc.a
LOAD c:/ciaa/ciaa_software_1.1-win/tools/arm-none-eabi-gcc/bin/../lib/gcc/arm-none-eabi/8.2.1/../../../../arm-none-eabi/lib/thumb/v7e-m/nofp\libg_nano.a
LOAD c:/ciaa/ciaa_software_1.1-win/tools/arm-none-eabi-gcc/bin/../lib/gcc/arm-none-eabi/8.2.1/../../../../arm-none-eabi/lib/thumb/v7e-m/nofp\libc_nano.a
END GROUP
START GROUP
LOAD c:/ciaa/ciaa_software_1.1-win/tools/arm-none-eabi-gcc/bin/../lib/gcc/arm-none-eabi/8.2.1/thumb/v7e-m/nofp\libgcc.a
LOAD c:/ciaa/ciaa_software_1.1-win/tools/arm-none-eabi-gcc/bin/../lib/gcc/arm-none-eabi/8.2.1/../../../../arm-none-eabi/lib/thumb/v7e-m/nofp\libc_nano.a
END GROUP
                0x20020000                __stack = (ORIGIN (RAM) + LENGTH (RAM))
                0x20020000                _estack = __stack
                0x00000400                __Main_Stack_Size = 0x400
                [!provide]                PROVIDE (_Main_Stack_Size = __Main_Stack_Size)
                0x2001fc00                __Main_Stack_Limit = (__stack - __Main_Stack_Size)
                [!provide]                PROVIDE (_Main_Stack_Limit = __Main_Stack_Limit)
                0x00000100                _Minimum_Stack_Size = 0x100
                0x20000128                PROVIDE (_Heap_Begin = _end_noinit)
                0x2001fc00                PROVIDE (_Heap_Limit = (__stack - __Main_Stack_Size))

.isr_vector     0x08000000      0x3e8
 FILL mask 0xff
                0x08000000                __vectors_start = ABSOLUTE (.)
                0x08000000                __vectors_start__ = ABSOLUTE (.)
 *(.isr_vector)
 .isr_vector    0x08000000      0x188 ./system/src/cmsis/vectors_stm32f407xx.o
                0x08000000                __isr_vectors
 *(.cfmconfig)
 *(.after_vectors .after_vectors.*)
 .after_vectors
                0x08000188      0x130 ./system/src/newlib/_startup.o
                0x08000188                _start
 .after_vectors
                0x080002b8      0x12c ./system/src/cortexm/exception_handlers.o
                0x080002b8                Reset_Handler
                0x080002be                NMI_Handler
                0x080002c2                HardFault_Handler
                0x080002d6                HardFault_Handler_C
                0x08000334                MemManage_Handler
                0x08000338                BusFault_Handler
                0x0800034c                BusFault_Handler_C
                0x08000380                UsageFault_Handler
                0x08000394                UsageFault_Handler_C
                0x080003c8                SVC_Handler
                0x080003cc                DebugMon_Handler
                0x080003d0                PendSV_Handler
 .after_vectors
                0x080003e4        0x4 ./system/src/cmsis/vectors_stm32f407xx.o
                0x080003e4                RTC_Alarm_IRQHandler
                0x080003e4                HASH_RNG_IRQHandler
                0x080003e4                EXTI2_IRQHandler
                0x080003e4                TIM8_CC_IRQHandler
                0x080003e4                TIM1_CC_IRQHandler
                0x080003e4                DMA2_Stream5_IRQHandler
                0x080003e4                DMA1_Stream5_IRQHandler
                0x080003e4                PVD_IRQHandler
                0x080003e4                SDIO_IRQHandler
                0x080003e4                TAMP_STAMP_IRQHandler
                0x080003e4                CAN2_RX1_IRQHandler
                0x080003e4                EXTI3_IRQHandler
                0x080003e4                TIM8_TRG_COM_TIM14_IRQHandler
                0x080003e4                TIM1_UP_TIM10_IRQHandler
                0x080003e4                TIM8_UP_TIM13_IRQHandler
                0x080003e4                I2C3_ER_IRQHandler
                0x080003e4                EXTI0_IRQHandler
                0x080003e4                I2C2_EV_IRQHandler
                0x080003e4                DMA1_Stream2_IRQHandler
                0x080003e4                CAN1_RX0_IRQHandler
                0x080003e4                FPU_IRQHandler
                0x080003e4                OTG_HS_WKUP_IRQHandler
                0x080003e4                CAN2_SCE_IRQHandler
                0x080003e4                DMA2_Stream2_IRQHandler
                0x080003e4                SPI1_IRQHandler
                0x080003e4                TIM6_DAC_IRQHandler
                0x080003e4                TIM1_BRK_TIM9_IRQHandler
                0x080003e4                DCMI_IRQHandler
                0x080003e4                CAN2_RX0_IRQHandler
                0x080003e4                DMA2_Stream3_IRQHandler
                0x080003e4                USART6_IRQHandler
                0x080003e4                USART3_IRQHandler
                0x080003e4                CAN1_RX1_IRQHandler
                0x080003e4                UART5_IRQHandler
                0x080003e4                DMA2_Stream0_IRQHandler
                0x080003e4                TIM4_IRQHandler
                0x080003e4                I2C1_EV_IRQHandler
                0x080003e4                DMA1_Stream6_IRQHandler
                0x080003e4                DMA1_Stream1_IRQHandler
                0x080003e4                UART4_IRQHandler
                0x080003e4                TIM3_IRQHandler
                0x080003e4                RCC_IRQHandler
                0x080003e4                TIM8_BRK_TIM12_IRQHandler
                0x080003e4                Default_Handler
                0x080003e4                EXTI15_10_IRQHandler
                0x080003e4                ADC_IRQHandler
                0x080003e4                DMA1_Stream7_IRQHandler
                0x080003e4                TIM7_IRQHandler
                0x080003e4                CAN2_TX_IRQHandler
                0x080003e4                TIM5_IRQHandler
                0x080003e4                DMA2_Stream7_IRQHandler
                0x080003e4                I2C3_EV_IRQHandler
                0x080003e4                EXTI9_5_IRQHandler
                0x080003e4                RTC_WKUP_IRQHandler
                0x080003e4                ETH_WKUP_IRQHandler
                0x080003e4                SPI2_IRQHandler
                0x080003e4                OTG_HS_EP1_IN_IRQHandler
                0x080003e4                DMA1_Stream0_IRQHandler
                0x080003e4                CAN1_TX_IRQHandler
                0x080003e4                EXTI4_IRQHandler
                0x080003e4                ETH_IRQHandler
                0x080003e4                OTG_HS_EP1_OUT_IRQHandler
                0x080003e4                WWDG_IRQHandler
                0x080003e4                TIM2_IRQHandler
                0x080003e4                OTG_FS_WKUP_IRQHandler
                0x080003e4                TIM1_TRG_COM_TIM11_IRQHandler
                0x080003e4                OTG_HS_IRQHandler
                0x080003e4                EXTI1_IRQHandler
                0x080003e4                USART2_IRQHandler
                0x080003e4                I2C2_ER_IRQHandler
                0x080003e4                DMA2_Stream1_IRQHandler
                0x080003e4                CAN1_SCE_IRQHandler
                0x080003e4                FLASH_IRQHandler
                0x080003e4                DMA2_Stream4_IRQHandler
                0x080003e4                USART1_IRQHandler
                0x080003e4                OTG_FS_IRQHandler
                0x080003e4                SPI3_IRQHandler
                0x080003e4                DMA1_Stream4_IRQHandler
                0x080003e4                I2C1_ER_IRQHandler
                0x080003e4                FMC_IRQHandler
                0x080003e4                DMA2_Stream6_IRQHandler
                0x080003e4                DMA1_Stream3_IRQHandler

.inits          0x080003e8       0x28
                0x080003e8                __data_regions_array_start = .
                0x080003e8        0x4 LONG 0x800214c LOADADDR (.data)
                0x080003ec        0x4 LONG 0x20000000 ADDR (.data)
                0x080003f0        0x4 LONG 0x20000078 (ADDR (.data) + SIZEOF (.data))
                0x080003f4        0x4 LONG 0x800214c LOADADDR (.data_CCMRAM)
                0x080003f8        0x4 LONG 0x10000000 ADDR (.data_CCMRAM)
                0x080003fc        0x4 LONG 0x10000000 (ADDR (.data_CCMRAM) + SIZEOF (.data_CCMRAM))
                0x08000400                __data_regions_array_end = .
                0x08000400                __bss_regions_array_start = .
                0x08000400        0x4 LONG 0x20000078 ADDR (.bss)
                0x08000404        0x4 LONG 0x20000128 (ADDR (.bss) + SIZEOF (.bss))
                0x08000408        0x4 LONG 0x10000000 ADDR (.bss_CCMRAM)
                0x0800040c        0x4 LONG 0x10000000 (ADDR (.bss_CCMRAM) + SIZEOF (.bss_CCMRAM))
                0x08000410                __bss_regions_array_end = .
 *(.init)
 *(.fini)
                0x08000410                . = ALIGN (0x4)
                0x08000410                PROVIDE (__preinit_array_start = .)
 *(.preinit_array_sysinit .preinit_array_sysinit.*)
 *(.preinit_array_platform .preinit_array_platform.*)
 *(.preinit_array .preinit_array.*)
                0x08000410                PROVIDE (__preinit_array_end = .)
                0x08000410                . = ALIGN (0x4)
                0x08000410                PROVIDE (__init_array_start = .)
 *(SORT_BY_NAME(.init_array.*))
 *(.init_array)
                0x08000410                PROVIDE (__init_array_end = .)
                0x08000410                . = ALIGN (0x4)
                0x08000410                PROVIDE (__fini_array_start = .)
 *(SORT_BY_NAME(.fini_array.*))
 *(.fini_array)
                0x08000410                PROVIDE (__fini_array_end = .)

.flashtext
 *(.flashtext .flashtext.*)

.text           0x08000410     0x1d3b
 *(.text .text.*)
 .text.HAL_InitTick
                0x08000410       0x2c ./system/src/stm32f4-hal/stm32f4xx_hal.o
                0x08000410                HAL_InitTick
 .text.HAL_Init
                0x0800043c       0x34 ./system/src/stm32f4-hal/stm32f4xx_hal.o
                0x0800043c                HAL_Init
 .text.HAL_IncTick
                0x08000470       0x10 ./system/src/stm32f4-hal/stm32f4xx_hal.o
                0x08000470                HAL_IncTick
 .text.HAL_GetTick
                0x08000480        0xc ./system/src/stm32f4-hal/stm32f4xx_hal.o
                0x08000480                HAL_GetTick
 .text.HAL_Delay
                0x0800048c       0x1c ./system/src/stm32f4-hal/stm32f4xx_hal.o
                0x0800048c                HAL_Delay
 .text.HAL_NVIC_SetPriorityGrouping
                0x080004a8       0x3c ./system/src/stm32f4-hal/stm32f4xx_hal_cortex.o
                0x080004a8                HAL_NVIC_SetPriorityGrouping
 .text.HAL_NVIC_SetPriority
                0x080004e4       0x8c ./system/src/stm32f4-hal/stm32f4xx_hal_cortex.o
                0x080004e4                HAL_NVIC_SetPriority
 .text.HAL_SYSTICK_Config
                0x08000570       0x2c ./system/src/stm32f4-hal/stm32f4xx_hal_cortex.o
                0x08000570                HAL_SYSTICK_Config
 .text.HAL_SYSTICK_CLKSourceConfig
                0x0800059c       0x3c ./system/src/stm32f4-hal/stm32f4xx_hal_cortex.o
                0x0800059c                HAL_SYSTICK_CLKSourceConfig
 .text.HAL_GPIO_Init
                0x080005d8      0x304 ./system/src/stm32f4-hal/stm32f4xx_hal_gpio.o
                0x080005d8                HAL_GPIO_Init
 .text.HAL_GPIO_WritePin
                0x080008dc       0x38 ./system/src/stm32f4-hal/stm32f4xx_hal_gpio.o
                0x080008dc                HAL_GPIO_WritePin
 .text.HAL_RCC_OscConfig
                0x08000914      0x43c ./system/src/stm32f4-hal/stm32f4xx_hal_rcc.o
                0x08000914                HAL_RCC_OscConfig
 .text.HAL_RCC_GetSysClockFreq
                0x08000d50       0x94 ./system/src/stm32f4-hal/stm32f4xx_hal_rcc.o
                0x08000d50                HAL_RCC_GetSysClockFreq
 .text.HAL_RCC_ClockConfig
                0x08000de4      0x258 ./system/src/stm32f4-hal/stm32f4xx_hal_rcc.o
                0x08000de4                HAL_RCC_ClockConfig
 .text.HAL_RCC_GetHCLKFreq
                0x0800103c        0xc ./system/src/stm32f4-hal/stm32f4xx_hal_rcc.o
                0x0800103c                HAL_RCC_GetHCLKFreq
 .text._exit    0x08001048        0x2 ./system/src/newlib/_exit.o
                0x08001048                _exit
 *fill*         0x0800104a        0x2 
 .text.abort    0x0800104c       0x14 ./system/src/newlib/_exit.o
                0x0800104c                abort
 .text._sbrk    0x08001060       0x44 ./system/src/newlib/_sbrk.o
                0x08001060                _sbrk
 .text.__initialize_args
                0x080010a4       0x10 ./system/src/newlib/_syscalls.o
                0x080010a4                __initialize_args
 .text.assert_failed
                0x080010b4       0x14 ./system/src/newlib/assert.o
                0x080010b4                assert_failed
 .text.trace_printf
                0x080010c8       0x34 ./system/src/diag/Trace.o
                0x080010c8                trace_printf
 .text.trace_puts
                0x080010fc       0x20 ./system/src/diag/Trace.o
                0x080010fc                trace_puts
 .text._trace_write_semihosting_stdout
                0x0800111c       0x70 ./system/src/diag/trace_impl.o
 .text.trace_write
                0x0800118c        0x8 ./system/src/diag/trace_impl.o
                0x0800118c                trace_write
 .text.__initialize_hardware_early
                0x08001194       0x18 ./system/src/cortexm/_initialize_hardware.o
                0x08001194                __initialize_hardware_early
 .text.dumpExceptionStack
                0x080011ac       0xf4 ./system/src/cortexm/exception_handlers.o
                0x080011ac                dumpExceptionStack
 .text.isSemihosting
                0x080012a0       0x78 ./system/src/cortexm/exception_handlers.o
                0x080012a0                isSemihosting
 .text.SystemInit
                0x08001318       0x40 ./system/src/cmsis/system_stm32f4xx.o
                0x08001318                SystemInit
 .text.SystemCoreClockUpdate
                0x08001358       0xa0 ./system/src/cmsis/system_stm32f4xx.o
                0x08001358                SystemCoreClockUpdate
 .text.SystemClock_Config
                0x080013f8       0x9c ./src/_initialize_hardware.o
                0x080013f8                SystemClock_Config
 .text.__initialize_hardware
                0x08001494       0x10 ./src/_initialize_hardware.o
                0x08001494                __initialize_hardware
 .text.SysTick_Handler
                0x080014a4        0x8 ./src/main.o
                0x080014a4                SysTick_Handler
 .text.Init_GPIO_LEDS
                0x080014ac       0x58 ./src/main.o
                0x080014ac                Init_GPIO_LEDS
 .text.main     0x08001504       0x94 ./src/main.o
                0x08001504                main
 .text.HAL_MspInit
                0x08001598        0x2 ./src/stm32f4xx_hal_msp.o
                0x08001598                HAL_MspInit
 *fill*         0x0800159a        0x2 
 .text.__errno  0x0800159c        0xc c:/ciaa/ciaa_software_1.1-win/tools/arm-none-eabi-gcc/bin/../lib/gcc/arm-none-eabi/8.2.1/../../../../arm-none-eabi/lib/thumb/v7e-m/nofp\libg_nano.a(lib_a-errno.o)
                0x0800159c                __errno
 .text          0x080015a8       0x14 c:/ciaa/ciaa_software_1.1-win/tools/arm-none-eabi-gcc/bin/../lib/gcc/arm-none-eabi/8.2.1/../../../../arm-none-eabi/lib/thumb/v7e-m/nofp\libg_nano.a(lib_a-strcmp.o)
                0x080015a8                strcmp
 .text          0x080015bc       0x10 c:/ciaa/ciaa_software_1.1-win/tools/arm-none-eabi-gcc/bin/../lib/gcc/arm-none-eabi/8.2.1/../../../../arm-none-eabi/lib/thumb/v7e-m/nofp\libg_nano.a(lib_a-strlen.o)
                0x080015bc                strlen
 .text._vsnprintf_r
                0x080015cc       0x58 c:/ciaa/ciaa_software_1.1-win/tools/arm-none-eabi-gcc/bin/../lib/gcc/arm-none-eabi/8.2.1/../../../../arm-none-eabi/lib/thumb/v7e-m/nofp\libg_nano.a(lib_a-vsnprintf.o)
                0x080015cc                _vsniprintf_r
                0x080015cc                _vsnprintf_r
 .text.vsnprintf
                0x08001624       0x1c c:/ciaa/ciaa_software_1.1-win/tools/arm-none-eabi-gcc/bin/../lib/gcc/arm-none-eabi/8.2.1/../../../../arm-none-eabi/lib/thumb/v7e-m/nofp\libg_nano.a(lib_a-vsnprintf.o)
                0x08001624                vsniprintf
                0x08001624                vsnprintf
 .text.__ssputs_r
                0x08001640       0xb6 c:/ciaa/ciaa_software_1.1-win/tools/arm-none-eabi-gcc/bin/../lib/gcc/arm-none-eabi/8.2.1/../../../../arm-none-eabi/lib/thumb/v7e-m/nofp\libg_nano.a(lib_a-nano-svfprintf.o)
                0x08001640                __ssputs_r
 *fill*         0x080016f6        0x2 
 .text._svfprintf_r
                0x080016f8      0x1f0 c:/ciaa/ciaa_software_1.1-win/tools/arm-none-eabi-gcc/bin/../lib/gcc/arm-none-eabi/8.2.1/../../../../arm-none-eabi/lib/thumb/v7e-m/nofp\libg_nano.a(lib_a-nano-svfprintf.o)
                0x080016f8                _svfiprintf_r
                0x080016f8                _svfprintf_r
 .text._printf_common
                0x080018e8       0xea c:/ciaa/ciaa_software_1.1-win/tools/arm-none-eabi-gcc/bin/../lib/gcc/arm-none-eabi/8.2.1/../../../../arm-none-eabi/lib/thumb/v7e-m/nofp\libg_nano.a(lib_a-nano-vfprintf_i.o)
                0x080018e8                _printf_common
 *fill*         0x080019d2        0x2 
 .text._printf_i
                0x080019d4      0x228 c:/ciaa/ciaa_software_1.1-win/tools/arm-none-eabi-gcc/bin/../lib/gcc/arm-none-eabi/8.2.1/../../../../arm-none-eabi/lib/thumb/v7e-m/nofp\libg_nano.a(lib_a-nano-vfprintf_i.o)
                0x080019d4                _printf_i
 *fill*         0x08001bfc        0x4 
 .text          0x08001c00       0xa0 c:/ciaa/ciaa_software_1.1-win/tools/arm-none-eabi-gcc/bin/../lib/gcc/arm-none-eabi/8.2.1/../../../../arm-none-eabi/lib/thumb/v7e-m/nofp\libg_nano.a(lib_a-memchr.o)
                0x08001c00                memchr
 .text.memcpy   0x08001ca0       0x1c c:/ciaa/ciaa_software_1.1-win/tools/arm-none-eabi-gcc/bin/../lib/gcc/arm-none-eabi/8.2.1/../../../../arm-none-eabi/lib/thumb/v7e-m/nofp\libg_nano.a(lib_a-memcpy-stub.o)
                0x08001ca0                memcpy
 .text.memmove  0x08001cbc       0x34 c:/ciaa/ciaa_software_1.1-win/tools/arm-none-eabi-gcc/bin/../lib/gcc/arm-none-eabi/8.2.1/../../../../arm-none-eabi/lib/thumb/v7e-m/nofp\libg_nano.a(lib_a-memmove.o)
                0x08001cbc                memmove
 .text._free_r  0x08001cf0       0x9c c:/ciaa/ciaa_software_1.1-win/tools/arm-none-eabi-gcc/bin/../lib/gcc/arm-none-eabi/8.2.1/../../../../arm-none-eabi/lib/thumb/v7e-m/nofp\libg_nano.a(lib_a-nano-freer.o)
                0x08001cf0                _free_r
 .text._malloc_r
                0x08001d8c       0xb4 c:/ciaa/ciaa_software_1.1-win/tools/arm-none-eabi-gcc/bin/../lib/gcc/arm-none-eabi/8.2.1/../../../../arm-none-eabi/lib/thumb/v7e-m/nofp\libg_nano.a(lib_a-nano-mallocr.o)
                0x08001d8c                _malloc_r
 .text._realloc_r
                0x08001e40       0x4c c:/ciaa/ciaa_software_1.1-win/tools/arm-none-eabi-gcc/bin/../lib/gcc/arm-none-eabi/8.2.1/../../../../arm-none-eabi/lib/thumb/v7e-m/nofp\libg_nano.a(lib_a-nano-reallocr.o)
                0x08001e40                _realloc_r
 .text._sbrk_r  0x08001e8c       0x20 c:/ciaa/ciaa_software_1.1-win/tools/arm-none-eabi-gcc/bin/../lib/gcc/arm-none-eabi/8.2.1/../../../../arm-none-eabi/lib/thumb/v7e-m/nofp\libg_nano.a(lib_a-sbrkr.o)
                0x08001e8c                _sbrk_r
 .text.__malloc_lock
                0x08001eac        0xc c:/ciaa/ciaa_software_1.1-win/tools/arm-none-eabi-gcc/bin/../lib/gcc/arm-none-eabi/8.2.1/../../../../arm-none-eabi/lib/thumb/v7e-m/nofp\libg_nano.a(lib_a-mlock.o)
                0x08001eac                __malloc_lock
 .text.__malloc_unlock
                0x08001eb8        0xc c:/ciaa/ciaa_software_1.1-win/tools/arm-none-eabi-gcc/bin/../lib/gcc/arm-none-eabi/8.2.1/../../../../arm-none-eabi/lib/thumb/v7e-m/nofp\libg_nano.a(lib_a-mlock.o)
                0x08001eb8                __malloc_unlock
 .text._malloc_usable_size_r
                0x08001ec4       0x10 c:/ciaa/ciaa_software_1.1-win/tools/arm-none-eabi-gcc/bin/../lib/gcc/arm-none-eabi/8.2.1/../../../../arm-none-eabi/lib/thumb/v7e-m/nofp\libg_nano.a(lib_a-nano-msizer.o)
                0x08001ec4                _malloc_usable_size_r
 .text.__retarget_lock_acquire_recursive
                0x08001ed4        0x2 c:/ciaa/ciaa_software_1.1-win/tools/arm-none-eabi-gcc/bin/../lib/gcc/arm-none-eabi/8.2.1/../../../../arm-none-eabi/lib/thumb/v7e-m/nofp\libg_nano.a(lib_a-lock.o)
                0x08001ed4                __retarget_lock_acquire_recursive
 .text.__retarget_lock_release_recursive
                0x08001ed6        0x2 c:/ciaa/ciaa_software_1.1-win/tools/arm-none-eabi-gcc/bin/../lib/gcc/arm-none-eabi/8.2.1/../../../../arm-none-eabi/lib/thumb/v7e-m/nofp\libg_nano.a(lib_a-lock.o)
                0x08001ed6                __retarget_lock_release_recursive
 *(.rodata .rodata.* .constdata .constdata.*)
 .rodata.HAL_NVIC_SetPriorityGrouping.str1.4
                0x08001ed8       0x31 ./system/src/stm32f4-hal/stm32f4xx_hal_cortex.o
 *fill*         0x08001f09        0x3 
 .rodata.HAL_GPIO_Init.str1.4
                0x08001f0c       0x2f ./system/src/stm32f4-hal/stm32f4xx_hal_gpio.o
 *fill*         0x08001f3b        0x1 
 .rodata.APBAHBPrescTable
                0x08001f3c       0x10 ./system/src/stm32f4-hal/stm32f4xx_hal_rcc.o
                0x08001f3c                APBAHBPrescTable
 .rodata.HAL_RCC_OscConfig.str1.4
                0x08001f4c       0x2e ./system/src/stm32f4-hal/stm32f4xx_hal_rcc.o
 *fill*         0x08001f7a        0x2 
 .rodata.abort.str1.4
                0x08001f7c       0x14 ./system/src/newlib/_exit.o
 .rodata.assert_failed.str1.4
                0x08001f90       0x2b ./system/src/newlib/assert.o
 .rodata.trace_puts.str1.4
                0x08001fbb       0x2b ./system/src/diag/Trace.o
                                  0x2 (size before relaxing)
 *fill*         0x08001fbb        0x1 
 .rodata._trace_write_semihosting_stdout.str1.4
                0x08001fbc        0x4 ./system/src/diag/trace_impl.o
 .rodata.dumpExceptionStack.str1.4
                0x08001fc0      0x11a ./system/src/cortexm/exception_handlers.o
 .rodata.isSemihosting.str1.4
                0x080020da        0x4 ./system/src/cortexm/exception_handlers.o
 *fill*         0x080020da        0x2 
 .rodata.str1.4
                0x080020dc       0x2c ./system/src/cortexm/exception_handlers.o
                                 0x2a (size before relaxing)
 .rodata.AHBPrescTable
                0x08002108       0x10 ./system/src/cmsis/system_stm32f4xx.o
                0x08002108                AHBPrescTable
 .rodata._svfprintf_r.str1.1
                0x08002118       0x11 c:/ciaa/ciaa_software_1.1-win/tools/arm-none-eabi-gcc/bin/../lib/gcc/arm-none-eabi/8.2.1/../../../../arm-none-eabi/lib/thumb/v7e-m/nofp\libg_nano.a(lib_a-nano-svfprintf.o)
 .rodata._printf_i.str1.1
                0x08002129       0x22 c:/ciaa/ciaa_software_1.1-win/tools/arm-none-eabi-gcc/bin/../lib/gcc/arm-none-eabi/8.2.1/../../../../arm-none-eabi/lib/thumb/v7e-m/nofp\libg_nano.a(lib_a-nano-vfprintf_i.o)
 *(vtable)
 *(.eh_frame*)
 *(.glue_7)
 .glue_7        0x0800214b        0x0 linker stubs
 *(.glue_7t)
 .glue_7t       0x0800214b        0x0 linker stubs

.vfp11_veneer   0x0800214c        0x0
 .vfp11_veneer  0x0800214c        0x0 linker stubs

.v4_bx          0x0800214c        0x0
 .v4_bx         0x0800214c        0x0 linker stubs

.iplt           0x0800214c        0x0
 .iplt          0x0800214c        0x0 ./system/src/stm32f4-hal/stm32f4xx_hal.o

.rel.dyn        0x0800214c        0x0
 .rel.iplt      0x0800214c        0x0 ./system/src/stm32f4-hal/stm32f4xx_hal.o

.ARM.extab
 *(.ARM.extab* .gnu.linkonce.armextab.*)
                0x0800214c                . = ALIGN (0x4)
                0x0800214c                __exidx_start = .

.ARM.exidx
 *(.ARM.exidx* .gnu.linkonce.armexidx.*)
                0x0800214c                __exidx_end = .
                0x0800214c                . = ALIGN (0x4)
                0x0800214c                _etext = .
                0x0800214c                __etext = .

.data_CCMRAM    0x10000000        0x0 load address 0x0800214c
 FILL mask 0xff
 *(.data.CCMRAM .data.CCMRAM.*)
                0x10000000                . = ALIGN (0x4)
                0x0800214c                _sidata = LOADADDR (.data)

.data           0x20000000       0x78 load address 0x0800214c
 FILL mask 0xff
                0x20000000                _sdata = .
                0x20000000                __data_start__ = .
 *(.data_begin .data_begin.*)
 .data_begin    0x20000000        0x4 ./system/src/newlib/_startup.o
 *(.data .data.*)
 .data.argv.4374
                0x20000004        0x8 ./system/src/newlib/_syscalls.o
 .data.SystemCoreClock
                0x2000000c        0x4 ./system/src/cmsis/system_stm32f4xx.o
                0x2000000c                SystemCoreClock
 .data._impure_ptr
                0x20000010        0x4 c:/ciaa/ciaa_software_1.1-win/tools/arm-none-eabi-gcc/bin/../lib/gcc/arm-none-eabi/8.2.1/../../../../arm-none-eabi/lib/thumb/v7e-m/nofp\libg_nano.a(lib_a-impure.o)
                0x20000010                _impure_ptr
 .data.impure_data
                0x20000014       0x60 c:/ciaa/ciaa_software_1.1-win/tools/arm-none-eabi-gcc/bin/../lib/gcc/arm-none-eabi/8.2.1/../../../../arm-none-eabi/lib/thumb/v7e-m/nofp\libg_nano.a(lib_a-impure.o)
 *(.data_end .data_end.*)
 .data_end      0x20000074        0x4 ./system/src/newlib/_startup.o
                0x20000078                . = ALIGN (0x4)
                0x20000078                _edata = .
                0x20000078                __data_end__ = .

.igot.plt       0x20000078        0x0 load address 0x080021c4
 .igot.plt      0x20000078        0x0 ./system/src/stm32f4-hal/stm32f4xx_hal.o

.bss_CCMRAM     0x10000000        0x0
 *(.bss.CCMRAM .bss.CCMRAM.*)

.bss            0x20000078       0xb0
                0x20000078                __bss_start__ = .
                0x20000078                _sbss = .
 *(.bss_begin .bss_begin.*)
 .bss_begin     0x20000078        0x4 ./system/src/newlib/_startup.o
 *(.bss .bss.*)
 .bss.current_heap_end.4004
                0x2000007c        0x4 ./system/src/newlib/_sbrk.o
 .bss.name.4373
                0x20000080        0x1 ./system/src/newlib/_syscalls.o
 *fill*         0x20000081        0x3 
 .bss.buf.5248  0x20000084       0x80 ./system/src/diag/Trace.o
 .bss.handle.10261
                0x20000104        0x4 ./system/src/diag/trace_impl.o
 .bss.__malloc_free_list
                0x20000108        0x4 c:/ciaa/ciaa_software_1.1-win/tools/arm-none-eabi-gcc/bin/../lib/gcc/arm-none-eabi/8.2.1/../../../../arm-none-eabi/lib/thumb/v7e-m/nofp\libg_nano.a(lib_a-nano-mallocr.o)
                0x20000108                __malloc_free_list
 .bss.__malloc_sbrk_start
                0x2000010c        0x4 c:/ciaa/ciaa_software_1.1-win/tools/arm-none-eabi-gcc/bin/../lib/gcc/arm-none-eabi/8.2.1/../../../../arm-none-eabi/lib/thumb/v7e-m/nofp\libg_nano.a(lib_a-nano-mallocr.o)
                0x2000010c                __malloc_sbrk_start
 *(COMMON)
 COMMON         0x20000110        0x4 ./system/src/stm32f4-hal/stm32f4xx_hal.o
                0x20000110                uwTick
 COMMON         0x20000114        0x4 ./system/src/newlib/_syscalls.o
                0x20000114                errno
 COMMON         0x20000118        0x9 c:/ciaa/ciaa_software_1.1-win/tools/arm-none-eabi-gcc/bin/../lib/gcc/arm-none-eabi/8.2.1/../../../../arm-none-eabi/lib/thumb/v7e-m/nofp\libg_nano.a(lib_a-lock.o)
                0x20000118                __lock___atexit_recursive_mutex
                0x20000119                __lock___arc4random_mutex
                0x2000011a                __lock___env_recursive_mutex
                0x2000011b                __lock___sinit_recursive_mutex
                0x2000011c                __lock___malloc_recursive_mutex
                0x2000011d                __lock___at_quick_exit_mutex
                0x2000011e                __lock___dd_hash_mutex
                0x2000011f                __lock___tz_mutex
                0x20000120                __lock___sfp_recursive_mutex
 *(.bss_end .bss_end.*)
 *fill*         0x20000121        0x3 
 .bss_end       0x20000124        0x4 ./system/src/newlib/_startup.o
                0x20000128                . = ALIGN (0x4)
                0x20000128                __bss_end__ = .
                0x20000128                _ebss = .

.noinit_CCMRAM
 *(.noinit.CCMRAM .noinit.CCMRAM.*)

.noinit         0x20000128        0x0
                0x20000128                _noinit = .
 *(.noinit .noinit.*)
                0x20000128                . = ALIGN (0x4)
                0x20000128                _end_noinit = .
                [!provide]                PROVIDE (end = _end_noinit)
                [!provide]                PROVIDE (_end = _end_noinit)
                [!provide]                PROVIDE (__end = _end_noinit)
                [!provide]                PROVIDE (__end__ = _end_noinit)

._check_stack   0x20000128      0x100
                0x20000228                . = (. + _Minimum_Stack_Size)
 *fill*         0x20000128      0x100 

.b1text
 *(.b1text)
 *(.b1rodata)
 *(.b1rodata.*)

.eb0text
 *(.eb0text)
 *(.eb0rodata)
 *(.eb0rodata.*)

.eb1text
 *(.eb1text)
 *(.eb1rodata)
 *(.eb1rodata.*)

.eb2text
 *(.eb2text)
 *(.eb2rodata)
 *(.eb2rodata.*)

.eb3text
 *(.eb3text)
 *(.eb3rodata)
 *(.eb3rodata.*)

.stab
 *(.stab)

.stabstr
 *(.stabstr)

.stab.excl
 *(.stab.excl)

.stab.exclstr
 *(.stab.exclstr)

.stab.index
 *(.stab.index)

.stab.indexstr
 *(.stab.indexstr)

.comment        0x00000000       0x68
 *(.comment)
 .comment       0x00000000       0x68 ./system/src/stm32f4-hal/stm32f4xx_hal.o
                                 0x69 (size before relaxing)
 .comment       0x00000068       0x69 ./system/src/stm32f4-hal/stm32f4xx_hal_cortex.o
 .comment       0x00000068       0x69 ./system/src/stm32f4-hal/stm32f4xx_hal_gpio.o
 .comment       0x00000068       0x69 ./system/src/stm32f4-hal/stm32f4xx_hal_rcc.o
 .comment       0x00000068       0x69 ./system/src/newlib/_exit.o
 .comment       0x00000068       0x69 ./system/src/newlib/_sbrk.o
 .comment       0x00000068       0x69 ./system/src/newlib/_startup.o
 .comment       0x00000068       0x69 ./system/src/newlib/_syscalls.o
 .comment       0x00000068       0x69 ./system/src/newlib/assert.o
 .comment       0x00000068       0x69 ./system/src/diag/Trace.o
 .comment       0x00000068       0x69 ./system/src/diag/trace_impl.o
 .comment       0x00000068       0x69 ./system/src/cortexm/_initialize_hardware.o
 .comment       0x00000068       0x69 ./system/src/cortexm/exception_handlers.o
 .comment       0x00000068       0x69 ./system/src/cmsis/system_stm32f4xx.o
 .comment       0x00000068       0x69 ./system/src/cmsis/vectors_stm32f407xx.o
 .comment       0x00000068       0x69 ./src/_initialize_hardware.o
 .comment       0x00000068       0x69 ./src/main.o
 .comment       0x00000068       0x69 ./src/stm32f4xx_hal_msp.o

.ARM.attributes
                0x00000000       0x2c
 .ARM.attributes
                0x00000000       0x2e ./system/src/stm32f4-hal/stm32f4xx_hal.o
 .ARM.attributes
                0x0000002e       0x2e ./system/src/stm32f4-hal/stm32f4xx_hal_cortex.o
 .ARM.attributes
                0x0000005c       0x2e ./system/src/stm32f4-hal/stm32f4xx_hal_gpio.o
 .ARM.attributes
                0x0000008a       0x2e ./system/src/stm32f4-hal/stm32f4xx_hal_rcc.o
 .ARM.attributes
                0x000000b8       0x2e ./system/src/newlib/_exit.o
 .ARM.attributes
                0x000000e6       0x2e ./system/src/newlib/_sbrk.o
 .ARM.attributes
                0x00000114       0x2e ./system/src/newlib/_startup.o
 .ARM.attributes
                0x00000142       0x2e ./system/src/newlib/_syscalls.o
 .ARM.attributes
                0x00000170       0x2e ./system/src/newlib/assert.o
 .ARM.attributes
                0x0000019e       0x2e ./system/src/diag/Trace.o
 .ARM.attributes
                0x000001cc       0x2e ./system/src/diag/trace_impl.o
 .ARM.attributes
                0x000001fa       0x2e ./system/src/cortexm/_initialize_hardware.o
 .ARM.attributes
                0x00000228       0x2e ./system/src/cortexm/exception_handlers.o
 .ARM.attributes
                0x00000256       0x2e ./system/src/cmsis/system_stm32f4xx.o
 .ARM.attributes
                0x00000284       0x2e ./system/src/cmsis/vectors_stm32f407xx.o
 .ARM.attributes
                0x000002b2       0x2e ./src/_initialize_hardware.o
 .ARM.attributes
                0x000002e0       0x2e ./src/main.o
 .ARM.attributes
                0x0000030e       0x2e ./src/stm32f4xx_hal_msp.o
 .ARM.attributes
                0x0000033c       0x2e c:/ciaa/ciaa_software_1.1-win/tools/arm-none-eabi-gcc/bin/../lib/gcc/arm-none-eabi/8.2.1/../../../../arm-none-eabi/lib/thumb/v7e-m/nofp\libg_nano.a(lib_a-errno.o)
 .ARM.attributes
                0x0000036a       0x2e c:/ciaa/ciaa_software_1.1-win/tools/arm-none-eabi-gcc/bin/../lib/gcc/arm-none-eabi/8.2.1/../../../../arm-none-eabi/lib/thumb/v7e-m/nofp\libg_nano.a(lib_a-impure.o)
 .ARM.attributes
                0x00000398       0x1c c:/ciaa/ciaa_software_1.1-win/tools/arm-none-eabi-gcc/bin/../lib/gcc/arm-none-eabi/8.2.1/../../../../arm-none-eabi/lib/thumb/v7e-m/nofp\libg_nano.a(lib_a-strcmp.o)
 .ARM.attributes
                0x000003b4       0x17 c:/ciaa/ciaa_software_1.1-win/tools/arm-none-eabi-gcc/bin/../lib/gcc/arm-none-eabi/8.2.1/../../../../arm-none-eabi/lib/thumb/v7e-m/nofp\libg_nano.a(lib_a-strlen.o)
 .ARM.attributes
                0x000003cb       0x2e c:/ciaa/ciaa_software_1.1-win/tools/arm-none-eabi-gcc/bin/../lib/gcc/arm-none-eabi/8.2.1/../../../../arm-none-eabi/lib/thumb/v7e-m/nofp\libg_nano.a(lib_a-vsnprintf.o)
 .ARM.attributes
                0x000003f9       0x2e c:/ciaa/ciaa_software_1.1-win/tools/arm-none-eabi-gcc/bin/../lib/gcc/arm-none-eabi/8.2.1/../../../../arm-none-eabi/lib/thumb/v7e-m/nofp\libg_nano.a(lib_a-nano-svfprintf.o)
 .ARM.attributes
                0x00000427       0x2e c:/ciaa/ciaa_software_1.1-win/tools/arm-none-eabi-gcc/bin/../lib/gcc/arm-none-eabi/8.2.1/../../../../arm-none-eabi/lib/thumb/v7e-m/nofp\libg_nano.a(lib_a-nano-vfprintf_i.o)
 .ARM.attributes
                0x00000455       0x1c c:/ciaa/ciaa_software_1.1-win/tools/arm-none-eabi-gcc/bin/../lib/gcc/arm-none-eabi/8.2.1/../../../../arm-none-eabi/lib/thumb/v7e-m/nofp\libg_nano.a(lib_a-memchr.o)
 .ARM.attributes
                0x00000471       0x2e c:/ciaa/ciaa_software_1.1-win/tools/arm-none-eabi-gcc/bin/../lib/gcc/arm-none-eabi/8.2.1/../../../../arm-none-eabi/lib/thumb/v7e-m/nofp\libg_nano.a(lib_a-memcpy-stub.o)
 .ARM.attributes
                0x0000049f       0x2e c:/ciaa/ciaa_software_1.1-win/tools/arm-none-eabi-gcc/bin/../lib/gcc/arm-none-eabi/8.2.1/../../../../arm-none-eabi/lib/thumb/v7e-m/nofp\libg_nano.a(lib_a-memmove.o)
 .ARM.attributes
                0x000004cd       0x2e c:/ciaa/ciaa_software_1.1-win/tools/arm-none-eabi-gcc/bin/../lib/gcc/arm-none-eabi/8.2.1/../../../../arm-none-eabi/lib/thumb/v7e-m/nofp\libg_nano.a(lib_a-nano-freer.o)
 .ARM.attributes
                0x000004fb       0x2e c:/ciaa/ciaa_software_1.1-win/tools/arm-none-eabi-gcc/bin/../lib/gcc/arm-none-eabi/8.2.1/../../../../arm-none-eabi/lib/thumb/v7e-m/nofp\libg_nano.a(lib_a-nano-mallocr.o)
 .ARM.attributes
                0x00000529       0x2e c:/ciaa/ciaa_software_1.1-win/tools/arm-none-eabi-gcc/bin/../lib/gcc/arm-none-eabi/8.2.1/../../../../arm-none-eabi/lib/thumb/v7e-m/nofp\libg_nano.a(lib_a-nano-reallocr.o)
 .ARM.attributes
                0x00000557       0x2e c:/ciaa/ciaa_software_1.1-win/tools/arm-none-eabi-gcc/bin/../lib/gcc/arm-none-eabi/8.2.1/../../../../arm-none-eabi/lib/thumb/v7e-m/nofp\libg_nano.a(lib_a-sbrkr.o)
 .ARM.attributes
                0x00000585       0x2e c:/ciaa/ciaa_software_1.1-win/tools/arm-none-eabi-gcc/bin/../lib/gcc/arm-none-eabi/8.2.1/../../../../arm-none-eabi/lib/thumb/v7e-m/nofp\libg_nano.a(lib_a-mlock.o)
 .ARM.attributes
                0x000005b3       0x2e c:/ciaa/ciaa_software_1.1-win/tools/arm-none-eabi-gcc/bin/../lib/gcc/arm-none-eabi/8.2.1/../../../../arm-none-eabi/lib/thumb/v7e-m/nofp\libg_nano.a(lib_a-nano-msizer.o)
 .ARM.attributes
                0x000005e1       0x2e c:/ciaa/ciaa_software_1.1-win/tools/arm-none-eabi-gcc/bin/../lib/gcc/arm-none-eabi/8.2.1/../../../../arm-none-eabi/lib/thumb/v7e-m/nofp\libg_nano.a(lib_a-lock.o)

.debug
 *(.debug)

.line
 *(.line)

.debug_srcinfo
 *(.debug_srcinfo)

.debug_sfnames
 *(.debug_sfnames)

.debug_aranges  0x00000000      0x510
 *(.debug_aranges)
 .debug_aranges
                0x00000000       0xc0 ./system/src/stm32f4-hal/stm32f4xx_hal.o
 .debug_aranges
                0x000000c0       0x98 ./system/src/stm32f4-hal/stm32f4xx_hal_cortex.o
 .debug_aranges
                0x00000158       0x58 ./system/src/stm32f4-hal/stm32f4xx_hal_gpio.o
 .debug_aranges
                0x000001b0       0x88 ./system/src/stm32f4-hal/stm32f4xx_hal_rcc.o
 .debug_aranges
                0x00000238       0x28 ./system/src/newlib/_exit.o
 .debug_aranges
                0x00000260       0x20 ./system/src/newlib/_sbrk.o
 .debug_aranges
                0x00000280       0x40 ./system/src/newlib/_startup.o
 .debug_aranges
                0x000002c0       0x30 ./system/src/newlib/_syscalls.o
 .debug_aranges
                0x000002f0       0x28 ./system/src/newlib/assert.o
 .debug_aranges
                0x00000318       0x38 ./system/src/diag/Trace.o
 .debug_aranges
                0x00000350       0x30 ./system/src/diag/trace_impl.o
 .debug_aranges
                0x00000380       0x28 ./system/src/cortexm/_initialize_hardware.o
 .debug_aranges
                0x000003a8       0x90 ./system/src/cortexm/exception_handlers.o
 .debug_aranges
                0x00000438       0x28 ./system/src/cmsis/system_stm32f4xx.o
 .debug_aranges
                0x00000460       0x20 ./system/src/cmsis/vectors_stm32f407xx.o
 .debug_aranges
                0x00000480       0x28 ./src/_initialize_hardware.o
 .debug_aranges
                0x000004a8       0x30 ./src/main.o
 .debug_aranges
                0x000004d8       0x38 ./src/stm32f4xx_hal_msp.o

.debug_pubnames
 *(.debug_pubnames)

.debug_info     0x00000000     0xf2e9
 *(.debug_info .gnu.linkonce.wi.*)
 .debug_info    0x00000000     0x11fc ./system/src/stm32f4-hal/stm32f4xx_hal.o
 .debug_info    0x000011fc     0x1b3b ./system/src/stm32f4-hal/stm32f4xx_hal_cortex.o
 .debug_info    0x00002d37     0x11d9 ./system/src/stm32f4-hal/stm32f4xx_hal_gpio.o
 .debug_info    0x00003f10     0x19ab ./system/src/stm32f4-hal/stm32f4xx_hal_rcc.o
 .debug_info    0x000058bb      0x9e7 ./system/src/newlib/_exit.o
 .debug_info    0x000062a2      0x9d4 ./system/src/newlib/_sbrk.o
 .debug_info    0x00006c76      0x591 ./system/src/newlib/_startup.o
 .debug_info    0x00007207      0xab9 ./system/src/newlib/_syscalls.o
 .debug_info    0x00007cc0      0xaaa ./system/src/newlib/assert.o
 .debug_info    0x0000876a      0xbdb ./system/src/diag/Trace.o
 .debug_info    0x00009345      0xc33 ./system/src/diag/trace_impl.o
 .debug_info    0x00009f78      0xb7f ./system/src/cortexm/_initialize_hardware.o
 .debug_info    0x0000aaf7     0x12e4 ./system/src/cortexm/exception_handlers.o
 .debug_info    0x0000bddb      0xdad ./system/src/cmsis/system_stm32f4xx.o
 .debug_info    0x0000cb88       0xce ./system/src/cmsis/vectors_stm32f407xx.o
 .debug_info    0x0000cc56      0xdd6 ./src/_initialize_hardware.o
 .debug_info    0x0000da2c      0xf26 ./src/main.o
 .debug_info    0x0000e952      0x997 ./src/stm32f4xx_hal_msp.o

.debug_abbrev   0x00000000     0x2f55
 *(.debug_abbrev)
 .debug_abbrev  0x00000000      0x384 ./system/src/stm32f4-hal/stm32f4xx_hal.o
 .debug_abbrev  0x00000384      0x479 ./system/src/stm32f4-hal/stm32f4xx_hal_cortex.o
 .debug_abbrev  0x000007fd      0x32f ./system/src/stm32f4-hal/stm32f4xx_hal_gpio.o
 .debug_abbrev  0x00000b2c      0x404 ./system/src/stm32f4-hal/stm32f4xx_hal_rcc.o
 .debug_abbrev  0x00000f30      0x222 ./system/src/newlib/_exit.o
 .debug_abbrev  0x00001152      0x232 ./system/src/newlib/_sbrk.o
 .debug_abbrev  0x00001384      0x203 ./system/src/newlib/_startup.o
 .debug_abbrev  0x00001587      0x26d ./system/src/newlib/_syscalls.o
 .debug_abbrev  0x000017f4      0x222 ./system/src/newlib/assert.o
 .debug_abbrev  0x00001a16      0x2c6 ./system/src/diag/Trace.o
 .debug_abbrev  0x00001cdc      0x32f ./system/src/diag/trace_impl.o
 .debug_abbrev  0x0000200b      0x20a ./system/src/cortexm/_initialize_hardware.o
 .debug_abbrev  0x00002215      0x372 ./system/src/cortexm/exception_handlers.o
 .debug_abbrev  0x00002587      0x250 ./system/src/cmsis/system_stm32f4xx.o
 .debug_abbrev  0x000027d7       0xa5 ./system/src/cmsis/vectors_stm32f407xx.o
 .debug_abbrev  0x0000287c      0x25d ./src/_initialize_hardware.o
 .debug_abbrev  0x00002ad9      0x2a3 ./src/main.o
 .debug_abbrev  0x00002d7c      0x1d9 ./src/stm32f4xx_hal_msp.o

.debug_line     0x00000000     0xac88
 *(.debug_line)
 .debug_line    0x00000000      0xcd3 ./system/src/stm32f4-hal/stm32f4xx_hal.o
 .debug_line    0x00000cd3     0x1009 ./system/src/stm32f4-hal/stm32f4xx_hal_cortex.o
 .debug_line    0x00001cdc     0x10a1 ./system/src/stm32f4-hal/stm32f4xx_hal_gpio.o
 .debug_line    0x00002d7d     0x1586 ./system/src/stm32f4-hal/stm32f4xx_hal_rcc.o
 .debug_line    0x00004303      0x362 ./system/src/newlib/_exit.o
 .debug_line    0x00004665      0x353 ./system/src/newlib/_sbrk.o
 .debug_line    0x000049b8      0x5cc ./system/src/newlib/_startup.o
 .debug_line    0x00004f84      0x438 ./system/src/newlib/_syscalls.o
 .debug_line    0x000053bc      0x3a5 ./system/src/newlib/assert.o
 .debug_line    0x00005761      0x43e ./system/src/diag/Trace.o
 .debug_line    0x00005b9f      0xb97 ./system/src/diag/trace_impl.o
 .debug_line    0x00006736      0xa85 ./system/src/cortexm/_initialize_hardware.o
 .debug_line    0x000071bb      0xded ./system/src/cortexm/exception_handlers.o
 .debug_line    0x00007fa8      0xb48 ./system/src/cmsis/system_stm32f4xx.o
 .debug_line    0x00008af0      0x110 ./system/src/cmsis/vectors_stm32f407xx.o
 .debug_line    0x00008c00      0xae4 ./src/_initialize_hardware.o
 .debug_line    0x000096e4      0xb2e ./src/main.o
 .debug_line    0x0000a212      0xa76 ./src/stm32f4xx_hal_msp.o

.debug_frame    0x00000000      0xe20
 *(.debug_frame)
 .debug_frame   0x00000000      0x188 ./system/src/stm32f4-hal/stm32f4xx_hal.o
 .debug_frame   0x00000188      0x17c ./system/src/stm32f4-hal/stm32f4xx_hal_cortex.o
 .debug_frame   0x00000304       0xfc ./system/src/stm32f4-hal/stm32f4xx_hal_gpio.o
 .debug_frame   0x00000400      0x13c ./system/src/stm32f4-hal/stm32f4xx_hal_rcc.o
 .debug_frame   0x0000053c       0x38 ./system/src/newlib/_exit.o
 .debug_frame   0x00000574       0x28 ./system/src/newlib/_sbrk.o
 .debug_frame   0x0000059c       0x7c ./system/src/newlib/_startup.o
 .debug_frame   0x00000618       0x50 ./system/src/newlib/_syscalls.o
 .debug_frame   0x00000668       0x40 ./system/src/newlib/assert.o
 .debug_frame   0x000006a8       0x94 ./system/src/diag/Trace.o
 .debug_frame   0x0000073c       0x60 ./system/src/diag/trace_impl.o
 .debug_frame   0x0000079c       0x40 ./system/src/cortexm/_initialize_hardware.o
 .debug_frame   0x000007dc      0x164 ./system/src/cortexm/exception_handlers.o
 .debug_frame   0x00000940       0x30 ./system/src/cmsis/system_stm32f4xx.o
 .debug_frame   0x00000970       0x20 ./system/src/cmsis/vectors_stm32f407xx.o
 .debug_frame   0x00000990       0x48 ./src/_initialize_hardware.o
 .debug_frame   0x000009d8       0x5c ./src/main.o
 .debug_frame   0x00000a34       0x50 ./src/stm32f4xx_hal_msp.o
 .debug_frame   0x00000a84       0x20 c:/ciaa/ciaa_software_1.1-win/tools/arm-none-eabi-gcc/bin/../lib/gcc/arm-none-eabi/8.2.1/../../../../arm-none-eabi/lib/thumb/v7e-m/nofp\libg_nano.a(lib_a-errno.o)
 .debug_frame   0x00000aa4       0x20 c:/ciaa/ciaa_software_1.1-win/tools/arm-none-eabi-gcc/bin/../lib/gcc/arm-none-eabi/8.2.1/../../../../arm-none-eabi/lib/thumb/v7e-m/nofp\libg_nano.a(lib_a-strcmp.o)
 .debug_frame   0x00000ac4       0x4c c:/ciaa/ciaa_software_1.1-win/tools/arm-none-eabi-gcc/bin/../lib/gcc/arm-none-eabi/8.2.1/../../../../arm-none-eabi/lib/thumb/v7e-m/nofp\libg_nano.a(lib_a-vsnprintf.o)
 .debug_frame   0x00000b10       0x90 c:/ciaa/ciaa_software_1.1-win/tools/arm-none-eabi-gcc/bin/../lib/gcc/arm-none-eabi/8.2.1/../../../../arm-none-eabi/lib/thumb/v7e-m/nofp\libg_nano.a(lib_a-nano-svfprintf.o)
 .debug_frame   0x00000ba0       0x60 c:/ciaa/ciaa_software_1.1-win/tools/arm-none-eabi-gcc/bin/../lib/gcc/arm-none-eabi/8.2.1/../../../../arm-none-eabi/lib/thumb/v7e-m/nofp\libg_nano.a(lib_a-nano-vfprintf_i.o)
 .debug_frame   0x00000c00       0x28 c:/ciaa/ciaa_software_1.1-win/tools/arm-none-eabi-gcc/bin/../lib/gcc/arm-none-eabi/8.2.1/../../../../arm-none-eabi/lib/thumb/v7e-m/nofp\libg_nano.a(lib_a-memcpy-stub.o)
 .debug_frame   0x00000c28       0x28 c:/ciaa/ciaa_software_1.1-win/tools/arm-none-eabi-gcc/bin/../lib/gcc/arm-none-eabi/8.2.1/../../../../arm-none-eabi/lib/thumb/v7e-m/nofp\libg_nano.a(lib_a-memmove.o)
 .debug_frame   0x00000c50       0x38 c:/ciaa/ciaa_software_1.1-win/tools/arm-none-eabi-gcc/bin/../lib/gcc/arm-none-eabi/8.2.1/../../../../arm-none-eabi/lib/thumb/v7e-m/nofp\libg_nano.a(lib_a-nano-freer.o)
 .debug_frame   0x00000c88       0x30 c:/ciaa/ciaa_software_1.1-win/tools/arm-none-eabi-gcc/bin/../lib/gcc/arm-none-eabi/8.2.1/../../../../arm-none-eabi/lib/thumb/v7e-m/nofp\libg_nano.a(lib_a-nano-mallocr.o)
 .debug_frame   0x00000cb8       0x3c c:/ciaa/ciaa_software_1.1-win/tools/arm-none-eabi-gcc/bin/../lib/gcc/arm-none-eabi/8.2.1/../../../../arm-none-eabi/lib/thumb/v7e-m/nofp\libg_nano.a(lib_a-nano-reallocr.o)
 .debug_frame   0x00000cf4       0x2c c:/ciaa/ciaa_software_1.1-win/tools/arm-none-eabi-gcc/bin/../lib/gcc/arm-none-eabi/8.2.1/../../../../arm-none-eabi/lib/thumb/v7e-m/nofp\libg_nano.a(lib_a-sbrkr.o)
 .debug_frame   0x00000d20       0x30 c:/ciaa/ciaa_software_1.1-win/tools/arm-none-eabi-gcc/bin/../lib/gcc/arm-none-eabi/8.2.1/../../../../arm-none-eabi/lib/thumb/v7e-m/nofp\libg_nano.a(lib_a-mlock.o)
 .debug_frame   0x00000d50       0x20 c:/ciaa/ciaa_software_1.1-win/tools/arm-none-eabi-gcc/bin/../lib/gcc/arm-none-eabi/8.2.1/../../../../arm-none-eabi/lib/thumb/v7e-m/nofp\libg_nano.a(lib_a-nano-msizer.o)
 .debug_frame   0x00000d70       0xb0 c:/ciaa/ciaa_software_1.1-win/tools/arm-none-eabi-gcc/bin/../lib/gcc/arm-none-eabi/8.2.1/../../../../arm-none-eabi/lib/thumb/v7e-m/nofp\libg_nano.a(lib_a-lock.o)

.debug_str      0x00000000    0x9b5e6
 *(.debug_str)
 .debug_str     0x00000000    0x97c1e ./system/src/stm32f4-hal/stm32f4xx_hal.o
                              0x98059 (size before relaxing)
 .debug_str     0x00097c1e      0x38d ./system/src/stm32f4-hal/stm32f4xx_hal_cortex.o
                              0x97ed5 (size before relaxing)
 .debug_str     0x00097fab      0x2dd ./system/src/stm32f4-hal/stm32f4xx_hal_gpio.o
                              0x978e6 (size before relaxing)
 .debug_str     0x00098288      0x393 ./system/src/stm32f4-hal/stm32f4xx_hal_rcc.o
                              0x97a74 (size before relaxing)
 .debug_str     0x0009861b     0x10ff ./system/src/newlib/_exit.o
                               0x7ec1 (size before relaxing)
 .debug_str     0x0009971a      0x4f5 ./system/src/newlib/_sbrk.o
                               0x7273 (size before relaxing)
 .debug_str     0x00099c0f      0x2c6 ./system/src/newlib/_startup.o
                               0x6a14 (size before relaxing)
 .debug_str     0x00099ed5      0xdef ./system/src/newlib/_syscalls.o
                               0x80bf (size before relaxing)
 .debug_str     0x0009acc4       0xd0 ./system/src/newlib/assert.o
                               0x89c6 (size before relaxing)
 .debug_str     0x0009ad94      0x176 ./system/src/diag/Trace.o
                               0x8639 (size before relaxing)
 .debug_str     0x0009af0a      0x358 ./system/src/diag/trace_impl.o
                              0x987e7 (size before relaxing)
 .debug_str     0x0009b262       0x5e ./system/src/cortexm/_initialize_hardware.o
                              0x97595 (size before relaxing)
 .debug_str     0x0009b2c0      0x1dc ./system/src/cortexm/exception_handlers.o
                              0x989cc (size before relaxing)
 .debug_str     0x0009b49c       0x46 ./system/src/cmsis/system_stm32f4xx.o
                              0x97664 (size before relaxing)
 .debug_str     0x0009b4e2       0x59 ./system/src/cmsis/vectors_stm32f407xx.o
                               0x3944 (size before relaxing)
 .debug_str     0x0009b53b       0x31 ./src/_initialize_hardware.o
                              0x9777a (size before relaxing)
 .debug_str     0x0009b56c       0x3d ./src/main.o
                              0x98763 (size before relaxing)
 .debug_str     0x0009b5a9       0x3d ./src/stm32f4xx_hal_msp.o
                              0x974dd (size before relaxing)

.debug_loc      0x00000000     0x26e1
 *(.debug_loc)
 .debug_loc     0x00000000       0xdb ./system/src/stm32f4-hal/stm32f4xx_hal.o
 .debug_loc     0x000000db      0x8cf ./system/src/stm32f4-hal/stm32f4xx_hal_cortex.o
 .debug_loc     0x000009aa      0x683 ./system/src/stm32f4-hal/stm32f4xx_hal_gpio.o
 .debug_loc     0x0000102d      0x7a1 ./system/src/stm32f4-hal/stm32f4xx_hal_rcc.o
 .debug_loc     0x000017ce       0x15 ./system/src/newlib/_exit.o
 .debug_loc     0x000017e3       0x97 ./system/src/newlib/_sbrk.o
 .debug_loc     0x0000187a      0x465 ./system/src/newlib/_startup.o
 .debug_loc     0x00001cdf       0x6f ./system/src/newlib/_syscalls.o
 .debug_loc     0x00001d4e      0x160 ./system/src/newlib/assert.o
 .debug_loc     0x00001eae      0x118 ./system/src/diag/Trace.o
 .debug_loc     0x00001fc6      0x187 ./system/src/diag/trace_impl.o
 .debug_loc     0x0000214d      0x428 ./system/src/cortexm/exception_handlers.o
 .debug_loc     0x00002575      0x16c ./system/src/cmsis/system_stm32f4xx.o

.debug_macinfo
 *(.debug_macinfo)

.debug_weaknames
 *(.debug_weaknames)

.debug_funcnames
 *(.debug_funcnames)

.debug_typenames
 *(.debug_typenames)

.debug_varnames
 *(.debug_varnames)
OUTPUT(EJERCICIO_1.elf elf32-littlearm)

.debug_ranges   0x00000000      0x498
 .debug_ranges  0x00000000       0xb0 ./system/src/stm32f4-hal/stm32f4xx_hal.o
 .debug_ranges  0x000000b0       0xe8 ./system/src/stm32f4-hal/stm32f4xx_hal_cortex.o
 .debug_ranges  0x00000198       0x48 ./system/src/stm32f4-hal/stm32f4xx_hal_gpio.o
 .debug_ranges  0x000001e0       0x78 ./system/src/stm32f4-hal/stm32f4xx_hal_rcc.o
 .debug_ranges  0x00000258       0x18 ./system/src/newlib/_exit.o
 .debug_ranges  0x00000270       0x10 ./system/src/newlib/_sbrk.o
 .debug_ranges  0x00000280       0x78 ./system/src/newlib/_startup.o
 .debug_ranges  0x000002f8       0x20 ./system/src/newlib/_syscalls.o
 .debug_ranges  0x00000318       0x18 ./system/src/newlib/assert.o
 .debug_ranges  0x00000330       0x28 ./system/src/diag/Trace.o
 .debug_ranges  0x00000358       0x20 ./system/src/diag/trace_impl.o
 .debug_ranges  0x00000378       0x18 ./system/src/cortexm/_initialize_hardware.o
 .debug_ranges  0x00000390       0x80 ./system/src/cortexm/exception_handlers.o
 .debug_ranges  0x00000410       0x18 ./system/src/cmsis/system_stm32f4xx.o
 .debug_ranges  0x00000428       0x10 ./system/src/cmsis/vectors_stm32f407xx.o
 .debug_ranges  0x00000438       0x18 ./src/_initialize_hardware.o
 .debug_ranges  0x00000450       0x20 ./src/main.o
 .debug_ranges  0x00000470       0x28 ./src/stm32f4xx_hal_msp.o

.debug_macro    0x00000000    0x1bf80
 .debug_macro   0x00000000      0x558 ./system/src/stm32f4-hal/stm32f4xx_hal.o
 .debug_macro   0x00000558      0xaa2 ./system/src/stm32f4-hal/stm32f4xx_hal.o
 .debug_macro   0x00000ffa      0x289 ./system/src/stm32f4-hal/stm32f4xx_hal.o
 .debug_macro   0x00001283       0x31 ./system/src/stm32f4-hal/stm32f4xx_hal.o
 .debug_macro   0x000012b4       0x28 ./system/src/stm32f4-hal/stm32f4xx_hal.o
 .debug_macro   0x000012dc      0x34e ./system/src/stm32f4-hal/stm32f4xx_hal.o
 .debug_macro   0x0000162a       0x35 ./system/src/stm32f4-hal/stm32f4xx_hal.o
 .debug_macro   0x0000165f       0x50 ./system/src/stm32f4-hal/stm32f4xx_hal.o
 .debug_macro   0x000016af      0xe66 ./system/src/stm32f4-hal/stm32f4xx_hal.o
 .debug_macro   0x00002515     0x93f9 ./system/src/stm32f4-hal/stm32f4xx_hal.o
 .debug_macro   0x0000b90e       0x43 ./system/src/stm32f4-hal/stm32f4xx_hal.o
 .debug_macro   0x0000b951     0x347f ./system/src/stm32f4-hal/stm32f4xx_hal.o
 .debug_macro   0x0000edd0       0x22 ./system/src/stm32f4-hal/stm32f4xx_hal.o
 .debug_macro   0x0000edf2       0x5e ./system/src/stm32f4-hal/stm32f4xx_hal.o
 .debug_macro   0x0000ee50       0x18 ./system/src/stm32f4-hal/stm32f4xx_hal.o
 .debug_macro   0x0000ee68       0x94 ./system/src/stm32f4-hal/stm32f4xx_hal.o
 .debug_macro   0x0000eefc       0x35 ./system/src/stm32f4-hal/stm32f4xx_hal.o
 .debug_macro   0x0000ef31       0x34 ./system/src/stm32f4-hal/stm32f4xx_hal.o
 .debug_macro   0x0000ef65       0x16 ./system/src/stm32f4-hal/stm32f4xx_hal.o
 .debug_macro   0x0000ef7b       0x57 ./system/src/stm32f4-hal/stm32f4xx_hal.o
 .debug_macro   0x0000efd2       0x97 ./system/src/stm32f4-hal/stm32f4xx_hal.o
 .debug_macro   0x0000f069      0x339 ./system/src/stm32f4-hal/stm32f4xx_hal.o
 .debug_macro   0x0000f3a2       0xfd ./system/src/stm32f4-hal/stm32f4xx_hal.o
 .debug_macro   0x0000f49f       0x10 ./system/src/stm32f4-hal/stm32f4xx_hal.o
 .debug_macro   0x0000f4af       0x58 ./system/src/stm32f4-hal/stm32f4xx_hal.o
 .debug_macro   0x0000f507       0x1f ./system/src/stm32f4-hal/stm32f4xx_hal.o
 .debug_macro   0x0000f526       0x43 ./system/src/stm32f4-hal/stm32f4xx_hal.o
 .debug_macro   0x0000f569       0x20 ./system/src/stm32f4-hal/stm32f4xx_hal.o
 .debug_macro   0x0000f589      0x18e ./system/src/stm32f4-hal/stm32f4xx_hal.o
 .debug_macro   0x0000f717       0x10 ./system/src/stm32f4-hal/stm32f4xx_hal.o
 .debug_macro   0x0000f727       0x6a ./system/src/stm32f4-hal/stm32f4xx_hal.o
 .debug_macro   0x0000f791       0x1c ./system/src/stm32f4-hal/stm32f4xx_hal.o
 .debug_macro   0x0000f7ad       0x52 ./system/src/stm32f4-hal/stm32f4xx_hal.o
 .debug_macro   0x0000f7ff       0x40 ./system/src/stm32f4-hal/stm32f4xx_hal.o
 .debug_macro   0x0000f83f       0x10 ./system/src/stm32f4-hal/stm32f4xx_hal.o
 .debug_macro   0x0000f84f       0x40 ./system/src/stm32f4-hal/stm32f4xx_hal.o
 .debug_macro   0x0000f88f       0xd7 ./system/src/stm32f4-hal/stm32f4xx_hal.o
 .debug_macro   0x0000f966       0x1c ./system/src/stm32f4-hal/stm32f4xx_hal.o
 .debug_macro   0x0000f982       0x3d ./system/src/stm32f4-hal/stm32f4xx_hal.o
 .debug_macro   0x0000f9bf       0x16 ./system/src/stm32f4-hal/stm32f4xx_hal.o
 .debug_macro   0x0000f9d5      0x16f ./system/src/stm32f4-hal/stm32f4xx_hal.o
 .debug_macro   0x0000fb44       0x57 ./system/src/stm32f4-hal/stm32f4xx_hal.o
 .debug_macro   0x0000fb9b      0x964 ./system/src/stm32f4-hal/stm32f4xx_hal.o
 .debug_macro   0x000104ff      0x9e1 ./system/src/stm32f4-hal/stm32f4xx_hal.o
 .debug_macro   0x00010ee0      0x11e ./system/src/stm32f4-hal/stm32f4xx_hal.o
 .debug_macro   0x00010ffe      0x13e ./system/src/stm32f4-hal/stm32f4xx_hal.o
 .debug_macro   0x0001113c       0x27 ./system/src/stm32f4-hal/stm32f4xx_hal.o
 .debug_macro   0x00011163      0x287 ./system/src/stm32f4-hal/stm32f4xx_hal.o
 .debug_macro   0x000113ea       0x5f ./system/src/stm32f4-hal/stm32f4xx_hal.o
 .debug_macro   0x00011449      0x23a ./system/src/stm32f4-hal/stm32f4xx_hal.o
 .debug_macro   0x00011683      0x391 ./system/src/stm32f4-hal/stm32f4xx_hal.o
 .debug_macro   0x00011a14      0x16f ./system/src/stm32f4-hal/stm32f4xx_hal.o
 .debug_macro   0x00011b83       0xf9 ./system/src/stm32f4-hal/stm32f4xx_hal.o
 .debug_macro   0x00011c7c      0x36e ./system/src/stm32f4-hal/stm32f4xx_hal.o
 .debug_macro   0x00011fea       0x23 ./system/src/stm32f4-hal/stm32f4xx_hal.o
 .debug_macro   0x0001200d       0xe6 ./system/src/stm32f4-hal/stm32f4xx_hal.o
 .debug_macro   0x000120f3       0xa1 ./system/src/stm32f4-hal/stm32f4xx_hal.o
 .debug_macro   0x00012194       0x3c ./system/src/stm32f4-hal/stm32f4xx_hal.o
 .debug_macro   0x000121d0       0x1f ./system/src/stm32f4-hal/stm32f4xx_hal.o
 .debug_macro   0x000121ef      0x1cd ./system/src/stm32f4-hal/stm32f4xx_hal.o
 .debug_macro   0x000123bc      0xcd6 ./system/src/stm32f4-hal/stm32f4xx_hal.o
 .debug_macro   0x00013092      0x13a ./system/src/stm32f4-hal/stm32f4xx_hal.o
 .debug_macro   0x000131cc      0x21e ./system/src/stm32f4-hal/stm32f4xx_hal.o
 .debug_macro   0x000133ea       0x2e ./system/src/stm32f4-hal/stm32f4xx_hal.o
 .debug_macro   0x00013418      0x543 ./system/src/stm32f4-hal/stm32f4xx_hal.o
 .debug_macro   0x0001395b       0x88 ./system/src/stm32f4-hal/stm32f4xx_hal.o
 .debug_macro   0x000139e3       0xd5 ./system/src/stm32f4-hal/stm32f4xx_hal.o
 .debug_macro   0x00013ab8      0x183 ./system/src/stm32f4-hal/stm32f4xx_hal.o
 .debug_macro   0x00013c3b      0x1a7 ./system/src/stm32f4-hal/stm32f4xx_hal.o
 .debug_macro   0x00013de2       0xa5 ./system/src/stm32f4-hal/stm32f4xx_hal.o
 .debug_macro   0x00013e87      0x18b ./system/src/stm32f4-hal/stm32f4xx_hal.o
 .debug_macro   0x00014012       0x24 ./system/src/stm32f4-hal/stm32f4xx_hal.o
 .debug_macro   0x00014036       0x35 ./system/src/stm32f4-hal/stm32f4xx_hal.o
 .debug_macro   0x0001406b       0x79 ./system/src/stm32f4-hal/stm32f4xx_hal.o
 .debug_macro   0x000140e4      0x11e ./system/src/stm32f4-hal/stm32f4xx_hal.o
 .debug_macro   0x00014202       0x7f ./system/src/stm32f4-hal/stm32f4xx_hal.o
 .debug_macro   0x00014281       0x89 ./system/src/stm32f4-hal/stm32f4xx_hal.o
 .debug_macro   0x0001430a       0x7e ./system/src/stm32f4-hal/stm32f4xx_hal.o
 .debug_macro   0x00014388      0x31a ./system/src/stm32f4-hal/stm32f4xx_hal.o
 .debug_macro   0x000146a2      0x409 ./system/src/stm32f4-hal/stm32f4xx_hal.o
 .debug_macro   0x00014aab       0xe4 ./system/src/stm32f4-hal/stm32f4xx_hal.o
 .debug_macro   0x00014b8f      0x48d ./system/src/stm32f4-hal/stm32f4xx_hal.o
 .debug_macro   0x0001501c      0x22b ./system/src/stm32f4-hal/stm32f4xx_hal.o
 .debug_macro   0x00015247      0x202 ./system/src/stm32f4-hal/stm32f4xx_hal.o
 .debug_macro   0x00015449      0x6d9 ./system/src/stm32f4-hal/stm32f4xx_hal.o
 .debug_macro   0x00015b22       0x5b ./system/src/stm32f4-hal/stm32f4xx_hal.o
 .debug_macro   0x00015b7d      0x14d ./system/src/stm32f4-hal/stm32f4xx_hal.o
 .debug_macro   0x00015cca      0x287 ./system/src/stm32f4-hal/stm32f4xx_hal.o
 .debug_macro   0x00015f51      0x225 ./system/src/stm32f4-hal/stm32f4xx_hal.o
 .debug_macro   0x00016176      0x1b5 ./system/src/stm32f4-hal/stm32f4xx_hal.o
 .debug_macro   0x0001632b      0x2db ./system/src/stm32f4-hal/stm32f4xx_hal.o
 .debug_macro   0x00016606       0x89 ./system/src/stm32f4-hal/stm32f4xx_hal.o
 .debug_macro   0x0001668f      0x1df ./system/src/stm32f4-hal/stm32f4xx_hal.o
 .debug_macro   0x0001686e      0x115 ./system/src/stm32f4-hal/stm32f4xx_hal.o
 .debug_macro   0x00016983       0x6e ./system/src/stm32f4-hal/stm32f4xx_hal.o
 .debug_macro   0x000169f1      0x125 ./system/src/stm32f4-hal/stm32f4xx_hal.o
 .debug_macro   0x00016b16      0x50a ./system/src/stm32f4-hal/stm32f4xx_hal_cortex.o
 .debug_macro   0x00017020      0x542 ./system/src/stm32f4-hal/stm32f4xx_hal_gpio.o
 .debug_macro   0x00017562      0x534 ./system/src/stm32f4-hal/stm32f4xx_hal_rcc.o
 .debug_macro   0x00017a96      0x1b4 ./system/src/newlib/_exit.o
 .debug_macro   0x00017c4a      0x10e ./system/src/newlib/_exit.o
 .debug_macro   0x00017d58       0x8d ./system/src/newlib/_exit.o
 .debug_macro   0x00017de5       0x35 ./system/src/newlib/_exit.o
 .debug_macro   0x00017e1a      0x169 ./system/src/newlib/_sbrk.o
 .debug_macro   0x00017f83      0x174 ./system/src/newlib/_sbrk.o
 .debug_macro   0x000180f7       0x10 ./system/src/newlib/_sbrk.o
 .debug_macro   0x00018107      0x23b ./system/src/newlib/_sbrk.o
 .debug_macro   0x00018342      0x173 ./system/src/newlib/_startup.o
 .debug_macro   0x000184b5      0xaa8 ./system/src/newlib/_startup.o
 .debug_macro   0x00018f5d      0x1f3 ./system/src/newlib/_syscalls.o
 .debug_macro   0x00019150       0x1c ./system/src/newlib/_syscalls.o
 .debug_macro   0x0001916c       0x10 ./system/src/newlib/_syscalls.o
 .debug_macro   0x0001917c       0x10 ./system/src/newlib/_syscalls.o
 .debug_macro   0x0001918c       0x10 ./system/src/newlib/_syscalls.o
 .debug_macro   0x0001919c       0x35 ./system/src/newlib/_syscalls.o
 .debug_macro   0x000191d1      0x122 ./system/src/newlib/_syscalls.o
 .debug_macro   0x000192f3       0x88 ./system/src/newlib/_syscalls.o
 .debug_macro   0x0001937b      0x10c ./system/src/newlib/_syscalls.o
 .debug_macro   0x00019487      0x189 ./system/src/newlib/_syscalls.o
 .debug_macro   0x00019610       0x16 ./system/src/newlib/_syscalls.o
 .debug_macro   0x00019626      0x1d0 ./system/src/newlib/assert.o
 .debug_macro   0x000197f6       0x1c ./system/src/newlib/assert.o
 .debug_macro   0x00019812      0x1fb ./system/src/diag/Trace.o
 .debug_macro   0x00019a0d       0x4c ./system/src/diag/Trace.o
 .debug_macro   0x00019a59       0x16 ./system/src/diag/Trace.o
 .debug_macro   0x00019a6f      0x549 ./system/src/diag/trace_impl.o
 .debug_macro   0x00019fb8       0x22 ./system/src/diag/trace_impl.o
 .debug_macro   0x00019fda      0x514 ./system/src/cortexm/_initialize_hardware.o
 .debug_macro   0x0001a4ee      0x592 ./system/src/cortexm/exception_handlers.o
 .debug_macro   0x0001aa80       0x3b ./system/src/cortexm/exception_handlers.o
 .debug_macro   0x0001aabb      0x510 ./system/src/cmsis/system_stm32f4xx.o
 .debug_macro   0x0001afcb       0x34 ./system/src/cmsis/vectors_stm32f407xx.o
 .debug_macro   0x0001afff      0x50a ./src/_initialize_hardware.o
 .debug_macro   0x0001b509      0x56d ./src/main.o
 .debug_macro   0x0001ba76      0x50a ./src/stm32f4xx_hal_msp.o
